\BOOKMARK [1][-]{section.1}{\376\377\000I\000n\000t\000r\000o\000d\000u\000c\000t\000i\000o\000n}{}% 1
\BOOKMARK [1][-]{section.2}{\376\377\000D\000a\000t\000a\000s\000e\000t}{}% 2
\BOOKMARK [2][-]{subsection.2.1}{\376\377\000L\000a\000k\000h\000\040\000M\000I\000D\000I\000\040\000D\000a\000t\000a\000s\000e\000t\000\040\000\050\000L\000M\000D\000\051}{section.2}% 3
\BOOKMARK [2][-]{subsection.2.2}{\376\377\000G\000e\000n\000r\000e\000\040\000S\000u\000b\000s\000e\000t\000\040\000a\000n\000d\000\040\000D\000i\000s\000t\000r\000i\000b\000u\000t\000i\000o\000n}{section.2}% 4
\BOOKMARK [2][-]{subsection.2.3}{\376\377\000T\000r\000a\000i\000n\000\040\000/\000\040\000T\000e\000s\000t\000\040\000S\000p\000l\000i\000t}{section.2}% 5
\BOOKMARK [1][-]{section.3}{\376\377\000P\000r\000e\000p\000r\000o\000c\000e\000s\000s\000i\000n\000g}{}% 6
\BOOKMARK [2][-]{subsection.3.1}{\376\377\000P\000i\000a\000n\000o\000-\000R\000o\000l\000l\000\040\000R\000e\000p\000r\000e\000s\000e\000n\000t\000a\000t\000i\000o\000n}{section.3}% 7
\BOOKMARK [2][-]{subsection.3.2}{\376\377\000W\000i\000n\000d\000o\000w\000\040\000S\000e\000g\000m\000e\000n\000t\000a\000t\000i\000o\000n\000\040\000a\000n\000d\000\040\000S\000p\000a\000r\000s\000e\000\040\000F\000i\000l\000t\000e\000r\000i\000n\000g}{section.3}% 8
\BOOKMARK [2][-]{subsection.3.3}{\376\377\000C\000l\000a\000s\000s\000-\000I\000m\000b\000a\000l\000a\000n\000c\000e\000-\000A\000w\000a\000r\000e\000\040\000L\000o\000s\000s}{section.3}% 9
\BOOKMARK [1][-]{section.4}{\376\377\000M\000o\000d\000e\000l\000s}{}% 10
\BOOKMARK [2][-]{subsection.4.1}{\376\377\000T\000a\000s\000k\000\040\0001\000:\000\040\000L\000S\000T\000M\000\040\000A\000u\000t\000o\000e\000n\000c\000o\000d\000e\000r}{section.4}% 11
\BOOKMARK [2][-]{subsection.4.2}{\376\377\000T\000a\000s\000k\000\040\0002\000:\000\040\000V\000a\000r\000i\000a\000t\000i\000o\000n\000a\000l\000\040\000A\000u\000t\000o\000e\000n\000c\000o\000d\000e\000r\000\040\000\050\000V\000A\000E\000\051}{section.4}% 12
\BOOKMARK [2][-]{subsection.4.3}{\376\377\000T\000a\000s\000k\000\040\0003\000:\000\040\000T\000r\000a\000n\000s\000f\000o\000r\000m\000e\000r\000-\000B\000a\000s\000e\000d\000\040\000G\000e\000n\000e\000r\000a\000t\000o\000r}{section.4}% 13
\BOOKMARK [2][-]{subsection.4.4}{\376\377\000T\000a\000s\000k\000\040\0004\000:\000\040\000R\000L\000H\000F\000\040\000F\000i\000n\000e\000-\000T\000u\000n\000i\000n\000g\000\040\000\050\000B\000o\000n\000u\000s\000\051}{section.4}% 14
\BOOKMARK [1][-]{section.5}{\376\377\000B\000a\000s\000e\000l\000i\000n\000e\000\040\000M\000o\000d\000e\000l\000s}{}% 15
\BOOKMARK [1][-]{section.6}{\376\377\000E\000v\000a\000l\000u\000a\000t\000i\000o\000n\000\040\000M\000e\000t\000r\000i\000c\000s}{}% 16
\BOOKMARK [1][-]{section.7}{\376\377\000E\000x\000p\000e\000r\000i\000m\000e\000n\000t\000a\000l\000\040\000R\000e\000s\000u\000l\000t\000s}{}% 17
\BOOKMARK [2][-]{subsection.7.1}{\376\377\000T\000r\000a\000i\000n\000i\000n\000g\000\040\000D\000y\000n\000a\000m\000i\000c\000s}{section.7}% 18
\BOOKMARK [1][-]{section.8}{\376\377\000D\000i\000s\000c\000u\000s\000s\000i\000o\000n\000\040\000a\000n\000d\000\040\000A\000n\000a\000l\000y\000s\000i\000s}{}% 19
\BOOKMARK [2][-]{subsection.8.1}{\376\377\000B\000a\000s\000e\000l\000i\000n\000e\000\040\000A\000n\000a\000l\000y\000s\000i\000s}{section.8}% 20
\BOOKMARK [2][-]{subsection.8.2}{\376\377\000T\000a\000s\000k\000\040\0001\000:\000\040\000L\000S\000T\000M\000\040\000A\000u\000t\000o\000e\000n\000c\000o\000d\000e\000r}{section.8}% 21
\BOOKMARK [2][-]{subsection.8.3}{\376\377\000T\000a\000s\000k\000\040\0002\000:\000\040\000V\000A\000E\000\040\000a\000n\000d\000\040\000P\000o\000s\000t\000e\000r\000i\000o\000r\000\040\000C\000o\000l\000l\000a\000p\000s\000e}{section.8}% 22
\BOOKMARK [2][-]{subsection.8.4}{\376\377\000T\000a\000s\000k\000\040\0003\000:\000\040\000T\000r\000a\000n\000s\000f\000o\000r\000m\000e\000r}{section.8}% 23
\BOOKMARK [2][-]{subsection.8.5}{\376\377\000T\000a\000s\000k\000\040\0004\000:\000\040\000R\000L\000H\000F\000\040\000\050\000B\000o\000n\000u\000s\000\051}{section.8}% 24
\BOOKMARK [1][-]{section.9}{\376\377\000C\000o\000n\000c\000l\000u\000s\000i\000o\000n}{}% 25
