This is pdfTeX, Version 3.141592653-2.6-1.40.28 (MiKTeX 25.12) (preloaded format=pdflatex 2026.5.9)  9 MAY 2026 10:03
entering extended mode
 restricted \write18 enabled.
 %&-line parsing enabled.
**./final_report.tex
(final_report.tex
LaTeX2e <2025-11-01>
L3 programming layer <2025-12-24>
(C:\Users\Shadman\AppData\Local\Programs\MiKTeX\tex/latex/base\article.cls
Document Class: article 2025/01/22 v1.4n Standard LaTeX document class
(C:\Users\Shadman\AppData\Local\Programs\MiKTeX\tex/latex/base\size10.clo
File: size10.clo 2025/01/22 v1.4n Standard LaTeX file (size option)
)
\c@part=\count275
\c@section=\count276
\c@subsection=\count277
\c@subsubsection=\count278
\c@paragraph=\count279
\c@subparagraph=\count280
\c@figure=\count281
\c@table=\count282
\abovecaptionskip=\skip49
\belowcaptionskip=\skip50
\bibindent=\dimen148
)
(aaai.sty
Conference Style for AAAI for LaTeX 2e -- version of 1 December 2013
\titlebox=\skip51
) (C:\Users\Shadman\AppData\Local\Programs\MiKTeX\tex/latex/psnfss\times.sty
Package: times 2020/03/25 PSNFSS-v9.3 (SPQR) 
)
(C:\Users\Shadman\AppData\Local\Programs\MiKTeX\tex/latex/psnfss\helvet.sty
Package: helvet 2020/03/25 PSNFSS-v9.3 (WaS) 

(C:\Users\Shadman\AppData\Local\Programs\MiKTeX\tex/latex/graphics\keyval.sty
Package: keyval 2022/05/29 v1.15 key=value parser (DPC)
\KV@toks@=\toks17
)) (C:\Users\Shadman\AppData\Local\Programs\MiKTeX\tex/latex/psnfss\courier.sty
Package: courier 2020/03/25 PSNFSS-v9.3 (WaS) 
)
(C:\Users\Shadman\AppData\Local\Programs\MiKTeX\tex/latex/amsmath\amsmath.sty
Package: amsmath 2025/07/09 v2.17z AMS math features
\@mathmargin=\skip52

For additional information on amsmath, use the `?' option.
(C:\Users\Shadman\AppData\Local\Programs\MiKTeX\tex/latex/amsmath\amstext.sty
Package: amstext 2024/11/17 v2.01 AMS text

(C:\Users\Shadman\AppData\Local\Programs\MiKTeX\tex/latex/amsmath\amsgen.sty
File: amsgen.sty 1999/11/30 v2.0 generic functions
\@emptytoks=\toks18
\ex@=\dimen149
))
(C:\Users\Shadman\AppData\Local\Programs\MiKTeX\tex/latex/amsmath\amsbsy.sty
Package: amsbsy 1999/11/29 v1.2d Bold Symbols
\pmbraise@=\dimen150
)
(C:\Users\Shadman\AppData\Local\Programs\MiKTeX\tex/latex/amsmath\amsopn.sty
Package: amsopn 2022/04/08 v2.04 operator names
)
\inf@bad=\count283
LaTeX Info: Redefining \frac on input line 233.
\uproot@=\count284
\leftroot@=\count285
LaTeX Info: Redefining \overline on input line 398.
LaTeX Info: Redefining \colon on input line 409.
\classnum@=\count286
\DOTSCASE@=\count287
LaTeX Info: Redefining \ldots on input line 495.
LaTeX Info: Redefining \dots on input line 498.
LaTeX Info: Redefining \cdots on input line 619.
\Mathstrutbox@=\box53
\strutbox@=\box54
LaTeX Info: Redefining \big on input line 721.
LaTeX Info: Redefining \Big on input line 722.
LaTeX Info: Redefining \bigg on input line 723.
LaTeX Info: Redefining \Bigg on input line 724.
\big@size=\dimen151
LaTeX Font Info:    Redeclaring font encoding OML on input line 742.
LaTeX Font Info:    Redeclaring font encoding OMS on input line 743.
\macc@depth=\count288
LaTeX Info: Redefining \bmod on input line 904.
LaTeX Info: Redefining \pmod on input line 909.
LaTeX Info: Redefining \smash on input line 939.
LaTeX Info: Redefining \relbar on input line 969.
LaTeX Info: Redefining \Relbar on input line 970.
\c@MaxMatrixCols=\count289
\dotsspace@=\muskip17
\c@parentequation=\count290
\dspbrk@lvl=\count291
\tag@help=\toks19
\row@=\count292
\column@=\count293
\maxfields@=\count294
\andhelp@=\toks20
\eqnshift@=\dimen152
\alignsep@=\dimen153
\tagshift@=\dimen154
\tagwidth@=\dimen155
\totwidth@=\dimen156
\lineht@=\dimen157
\@envbody=\toks21
\multlinegap=\skip53
\multlinetaggap=\skip54
\mathdisplay@stack=\toks22
LaTeX Info: Redefining \[ on input line 2950.
LaTeX Info: Redefining \] on input line 2951.
)
(C:\Users\Shadman\AppData\Local\Programs\MiKTeX\tex/latex/amsfonts\amssymb.sty
Package: amssymb 2013/01/14 v3.01 AMS font symbols

(C:\Users\Shadman\AppData\Local\Programs\MiKTeX\tex/latex/amsfonts\amsfonts.sty
Package: amsfonts 2013/01/14 v3.01 Basic AMSFonts support
\symAMSa=\mathgroup4
\symAMSb=\mathgroup5
LaTeX Font Info:    Redeclaring math symbol \hbar on input line 98.
LaTeX Font Info:    Overwriting math alphabet `\mathfrak' in version `bold'
(Font)                  U/euf/m/n --> U/euf/b/n on input line 106.
))
(C:\Users\Shadman\AppData\Local\Programs\MiKTeX\tex/latex/graphics\graphicx.sty
Package: graphicx 2024/12/31 v1.2e Enhanced LaTeX Graphics (DPC,SPQR)

(C:\Users\Shadman\AppData\Local\Programs\MiKTeX\tex/latex/graphics\graphics.sty
Package: graphics 2024/08/06 v1.4g Standard LaTeX Graphics (DPC,SPQR)
(C:\Users\Shadman\AppData\Local\Programs\MiKTeX\tex/latex/graphics\trig.sty
Package: trig 2023/12/02 v1.11 sin cos tan (DPC)
)
(C:\Users\Shadman\AppData\Local\Programs\MiKTeX\tex/latex/graphics-cfg\graphics
.cfg
File: graphics.cfg 2016/06/04 v1.11 sample graphics configuration
)
Package graphics Info: Driver file: pdftex.def on input line 106.

(C:\Users\Shadman\AppData\Local\Programs\MiKTeX\tex/latex/graphics-def\pdftex.d
ef
File: pdftex.def 2025/09/29 v1.2d Graphics/color driver for pdftex
))
\Gin@req@height=\dimen158
\Gin@req@width=\dimen159
)
(C:\Users\Shadman\AppData\Local\Programs\MiKTeX\tex/latex/booktabs\booktabs.sty
Package: booktabs 2020/01/12 v1.61803398 Publication quality tables
\heavyrulewidth=\dimen160
\lightrulewidth=\dimen161
\cmidrulewidth=\dimen162
\belowrulesep=\dimen163
\belowbottomsep=\dimen164
\aboverulesep=\dimen165
\abovetopsep=\dimen166
\cmidrulesep=\dimen167
\cmidrulekern=\dimen168
\defaultaddspace=\dimen169
\@cmidla=\count295
\@cmidlb=\count296
\@aboverulesep=\dimen170
\@belowrulesep=\dimen171
\@thisruleclass=\count297
\@lastruleclass=\count298
\@thisrulewidth=\dimen172
) (C:\Users\Shadman\AppData\Local\Programs\MiKTeX\tex/latex/units\nicefrac.sty
Package: nicefrac 1998/08/04 v0.9b Nice fractions
\L@UnitsRaiseDisplaystyle=\skip55
\L@UnitsRaiseTextstyle=\skip56
\L@UnitsRaiseScriptstyle=\skip57

(C:\Users\Shadman\AppData\Local\Programs\MiKTeX\tex/latex/base\ifthen.sty
Package: ifthen 2024/03/16 v1.1e Standard LaTeX ifthen package (DPC)
))
(C:\Users\Shadman\AppData\Local\Programs\MiKTeX\tex/latex/caption\subcaption.st
y
Package: subcaption 2023/07/28 v1.6b Sub-captions (AR)
 (C:\Users\Shadman\AppData\Local\Programs\MiKTeX\tex/latex/caption\caption.sty
Package: caption 2023/08/05 v3.6o Customizing captions (AR)
(C:\Users\Shadman\AppData\Local\Programs\MiKTeX\tex/latex/caption\caption3.sty
Package: caption3 2023/07/31 v2.4d caption3 kernel (AR)
\caption@tempdima=\dimen173
\captionmargin=\dimen174
\caption@leftmargin=\dimen175
\caption@rightmargin=\dimen176
\caption@width=\dimen177
\caption@indent=\dimen178
\caption@parindent=\dimen179
\caption@hangindent=\dimen180
Package caption Info: Standard document class detected.
)
\c@caption@flags=\count299
\c@continuedfloat=\count300
)
Package caption Info: New subtype `subfigure' on input line 238.
\c@subfigure=\count301
Package caption Info: New subtype `subtable' on input line 238.
\c@subtable=\count302
)
LaTeX Font Info:    Trying to load font information for OT1+ptm on input line 6
2.
 (C:\Users\Shadman\AppData\Local\Programs\MiKTeX\tex/latex/psnfss\ot1ptm.fd
File: ot1ptm.fd 2001/06/04 font definitions for OT1/ptm.
)
(C:\Users\Shadman\AppData\Local\Programs\MiKTeX\tex/latex/l3backend\l3backend-p
dftex.def
File: l3backend-pdftex.def 2025-10-09 L3 backend support: PDF output (pdfTeX)
\l__color_backend_stack_int=\count303
) (final_report.aux)
\openout1 = `final_report.aux'.

LaTeX Font Info:    Checking defaults for OML/cmm/m/it on input line 62.
LaTeX Font Info:    ... okay on input line 62.
LaTeX Font Info:    Checking defaults for OMS/cmsy/m/n on input line 62.
LaTeX Font Info:    ... okay on input line 62.
LaTeX Font Info:    Checking defaults for OT1/cmr/m/n on input line 62.
LaTeX Font Info:    ... okay on input line 62.
LaTeX Font Info:    Checking defaults for T1/cmr/m/n on input line 62.
LaTeX Font Info:    ... okay on input line 62.
LaTeX Font Info:    Checking defaults for TS1/cmr/m/n on input line 62.
LaTeX Font Info:    ... okay on input line 62.
LaTeX Font Info:    Checking defaults for OMX/cmex/m/n on input line 62.
LaTeX Font Info:    ... okay on input line 62.
LaTeX Font Info:    Checking defaults for U/cmr/m/n on input line 62.
LaTeX Font Info:    ... okay on input line 62.

(C:\Users\Shadman\AppData\Local\Programs\MiKTeX\tex/context/base/mkii\supp-pdf.
mkii
[Loading MPS to PDF converter (version 2006.09.02).]
\scratchcounter=\count304
\scratchdimen=\dimen181
\scratchbox=\box55
\nofMPsegments=\count305
\nofMParguments=\count306
\everyMPshowfont=\toks23
\MPscratchCnt=\count307
\MPscratchDim=\dimen182
\MPnumerator=\count308
\makeMPintoPDFobject=\count309
\everyMPtoPDFconversion=\toks24
)
(C:\Users\Shadman\AppData\Local\Programs\MiKTeX\tex/latex/epstopdf-pkg\epstopdf
-base.sty
Package: epstopdf-base 2020-01-24 v2.11 Base part for package epstopdf
Package epstopdf-base Info: Redefining graphics rule for `.eps' on input line 4
85.

(C:\Users\Shadman\AppData\Local\Programs\MiKTeX\tex/latex/00miktex\epstopdf-sys
.cfg
File: epstopdf-sys.cfg 2021/03/18 v2.0 Configuration of epstopdf for MiKTeX
))
Package caption Info: Begin \AtBeginDocument code.
Package caption Info: End \AtBeginDocument code.
LaTeX Font Info:    Trying to load font information for U+msa on input line 63.


(C:\Users\Shadman\AppData\Local\Programs\MiKTeX\tex/latex/amsfonts\umsa.fd
File: umsa.fd 2013/01/14 v3.01 AMS symbols A
)
LaTeX Font Info:    Trying to load font information for U+msb on input line 63.


(C:\Users\Shadman\AppData\Local\Programs\MiKTeX\tex/latex/amsfonts\umsb.fd
File: umsb.fd 2013/01/14 v3.01 AMS symbols B
)
LaTeX Font Info:    Trying to load font information for OT1+pcr on input line 8
0.

(C:\Users\Shadman\AppData\Local\Programs\MiKTeX\tex/latex/psnfss\ot1pcr.fd
File: ot1pcr.fd 2001/06/04 font definitions for OT1/pcr.
)
Underfull \hbox (badness 2689) in paragraph at lines 104--110
[]\OT1/ptm/m/n/10 Traditional su-per-vised gen-er-a-tive ap-proaches re-quire
 []

LaTeX Font Info:    Trying to load font information for TS1+ptm on input line 1
14.
(C:\Users\Shadman\AppData\Local\Programs\MiKTeX\tex/latex/psnfss\ts1ptm.fd
File: ts1ptm.fd 2001/06/04 font definitions for TS1/ptm.
)
[1{C:/Users/Shadman/AppData/Local/MiKTeX/fonts/map/pdftex/pdftex.map}{C:/Users/
Shadman/AppData/Local/Programs/MiKTeX/fonts/enc/dvips/base/8r.enc}



]
Underfull \hbox (badness 1237) in paragraph at lines 256--259
 \OT1/ptm/b/n/10 Ar-chi-tec-ture. \OT1/ptm/m/n/10 The \OT1/ptm/m/it/10 en-coder
 \OT1/ptm/m/n/10 is a 2-layer uni-di-rec-tional
 []

[2]
Underfull \hbox (badness 1701) in paragraph at lines 316--321
 \OT1/ptm/b/n/10 La-tent in-ter-po-la-tion. \OT1/ptm/m/n/10 Two real pieces (Cl
as-si-cal and
 []


Underfull \hbox (badness 1762) in paragraph at lines 330--331
 \OT1/ptm/b/n/10 Math-e-mat-i-cal for-mu-la-tion. \OT1/ptm/m/n/10 The model fac
-torises the
 []


Underfull \hbox (badness 2662) in paragraph at lines 333--335
\OT1/ptm/m/n/10 Training min-imises the neg-a-tive log-likelihood (cross-
 []


Underfull \hbox (badness 10000) in paragraph at lines 348--349
 \OT1/ptm/b/n/10 Ar-chi-tec-ture. \OT1/ptm/m/n/10 A decoder-only (GPT-style) Tr
ans-
 []


Underfull \hbox (badness 10000) in paragraph at lines 364--370
 \OT1/ptm/b/n/10 Gen-er-a-tion. \OT1/ptm/m/n/10 Se-quences are gen-er-ated au-t
ore-gres-
 []


Underfull \hbox (badness 10000) in paragraph at lines 364--370
\OT1/ptm/m/n/10 sively us-ing temperature-scaled sig-moid sam-pling:
 []


Underfull \hbox (badness 1033) in paragraph at lines 364--370
\OT1/ptm/m/n/10 ap-proach pre-vents the rep-e-ti-tion loops that arise un-der
 []


Underfull \hbox (badness 10000) in paragraph at lines 384--386
\OT1/ptm/m/n/10 Parameter up-dates fol-low the RE-IN-FORCE gra-di-
 []


Underfull \hbox (badness 2790) in paragraph at lines 397--411
\OT1/ptm/m/n/10 at ev-ery train-ing it-er-a-tion). A 16-participant lis-ten-ing

 []


Underfull \hbox (badness 3078) in paragraph at lines 397--411
\OT1/ptm/m/n/10 sur-vey was com-pleted and the rat-ings are stored in
 []


Underfull \hbox (badness 10000) in paragraph at lines 397--411
\OT1/pcr/m/n/10 outputs/survey[]results/pre[]rl[]scores.csv\OT1/ptm/m/n/10 .
 []


Underfull \hbox (badness 10000) in paragraph at lines 397--411
\OT1/ptm/m/n/10 Train-ing the re-ward model and sub-se-quent
 []


Underfull \hbox (badness 10000) in paragraph at lines 397--411
\OT1/ptm/m/n/10 RLHF fine-tuning were im-ple-mented in
 []


Underfull \hbox (badness 10000) in paragraph at lines 397--411
\OT1/pcr/m/n/10 src/training/train[]reward[]model.py \OT1/ptm/m/n/10 and
 []


Underfull \hbox (badness 10000) in paragraph at lines 397--411
\OT1/pcr/m/n/10 src/training/train[]rlhf.py \OT1/ptm/m/n/10 re-spec-tively; ex-

 []


Underfull \hbox (badness 1215) in paragraph at lines 397--411
\OT1/ptm/m/n/10 e-cu-tion of those scripts is left as fu-ture work due to
 []


Underfull \hbox (badness 1048) in paragraph at lines 397--411
\OT1/ptm/m/n/10 (sub-tract mean, di-vide by std) to re-duce RE-IN-FORCE
 []

[3]
<../outputs/plots/task1_loss.png, id=26, 650.43pt x 289.08pt>
File: ../outputs/plots/task1_loss.png Graphic file (type png)
<use ../outputs/plots/task1_loss.png>
Package pdftex.def Info: ../outputs/plots/task1_loss.png  used on input line 54
1.
(pdftex.def)             Requested size: 239.39438pt x 106.39772pt.
<../outputs/plots/task2_loss.png, id=28, 939.51pt x 289.08pt>
File: ../outputs/plots/task2_loss.png Graphic file (type png)
<use ../outputs/plots/task2_loss.png>
Package pdftex.def Info: ../outputs/plots/task2_loss.png  used on input line 55
0.
(pdftex.def)             Requested size: 239.39438pt x 73.65927pt.
<../outputs/plots/task3_perplexity.png, id=29, 939.51pt x 289.08pt>
File: ../outputs/plots/task3_perplexity.png Graphic file (type png)
<use ../outputs/plots/task3_perplexity.png>
Package pdftex.def Info: ../outputs/plots/task3_perplexity.png  used on input l
ine 559.
(pdftex.def)             Requested size: 239.39438pt x 73.65927pt.
 [4 <../outputs/plots/task1_loss.png> <../outputs/plots/task2_loss.png> <../out
puts/plots/task3_perplexity.png>]
Underfull \hbox (badness 1360) in paragraph at lines 622--628
 \OT1/ptm/b/n/10 Why it hap-pened. \OT1/ptm/m/n/10 The de-coder LSTM is ex-pres
-sive
 []


Underfull \hbox (badness 10000) in paragraph at lines 645--649
 \OT1/ptm/b/n/10 Po-ten-tial reme-dies. \OT1/ptm/m/n/10 A stronger an-neal-ing 
sched-ule
 []

[5]
Underfull \hbox (badness 3281) in paragraph at lines 673--687
\OT1/ptm/m/n/10 ple-mented in \OT1/pcr/m/n/10 src/training/train[]rlhf.py \OT1/
ptm/m/n/10 and
 []


Underfull \hbox (badness 6575) in paragraph at lines 673--687
\OT1/pcr/m/n/10 src/training/train[]reward[]model.py\OT1/ptm/m/n/10 . A 16-
 []


Underfull \hbox (badness 3189) in paragraph at lines 716--720
[]\OT1/ptm/b/n/10 VAE pos-te-rior col-lapse \OT1/ptm/m/n/10 ren-ders the learne
d la-tent
 []

(final_report.bbl
Underfull \hbox (badness 1675) in paragraph at lines 5--11
[]\OT1/ptm/m/n/10 Bowman, S. R.; Vil-nis, L.; Vinyals, O.; Dai, A. M.;
 []

) [6] (final_report.aux)
 ***********
LaTeX2e <2025-11-01>
L3 programming layer <2025-12-24>
 ***********
 ) 
Here is how much of TeX's memory you used:
 4479 strings out of 467870
 74590 string characters out of 5417388
 484818 words of memory out of 5000000
 33299 multiletter control sequences out of 15000+600000
 650932 words of font info for 91 fonts, out of 8000000 for 9000
 1141 hyphenation exceptions out of 8191
 67i,11n,77p,290b,340s stack positions out of 10000i,1000n,20000p,200000b,200000s
<C:/Users/Shadman/AppData/Local/Programs/MiKTeX/fonts/type1/public/amsfonts/c
m/cmbx10.pfb><C:/Users/Shadman/AppData/Local/Programs/MiKTeX/fonts/type1/public
/amsfonts/cm/cmex10.pfb><C:/Users/Shadman/AppData/Local/Programs/MiKTeX/fonts/t
ype1/public/amsfonts/cm/cmmi10.pfb><C:/Users/Shadman/AppData/Local/Programs/MiK
TeX/fonts/type1/public/amsfonts/cm/cmmi7.pfb><C:/Users/Shadman/AppData/Local/Pr
ograms/MiKTeX/fonts/type1/public/amsfonts/cm/cmr10.pfb><C:/Users/Shadman/AppDat
a/Local/Programs/MiKTeX/fonts/type1/public/amsfonts/cm/cmr5.pfb><C:/Users/Shadm
an/AppData/Local/Programs/MiKTeX/fonts/type1/public/amsfonts/cm/cmr7.pfb><C:/Us
ers/Shadman/AppData/Local/Programs/MiKTeX/fonts/type1/public/amsfonts/cm/cmsy10
.pfb><C:/Users/Shadman/AppData/Local/Programs/MiKTeX/fonts/type1/public/amsfont
s/cm/cmsy6.pfb><C:/Users/Shadman/AppData/Local/Programs/MiKTeX/fonts/type1/publ
ic/amsfonts/cm/cmsy7.pfb><C:/Users/Shadman/AppData/Local/Programs/MiKTeX/fonts/
type1/public/amsfonts/cm/cmsy9.pfb><C:/Users/Shadman/AppData/Local/Programs/MiK
TeX/fonts/type1/public/amsfonts/symbols/msbm10.pfb><C:/Users/Shadman/AppData/Lo
cal/Programs/MiKTeX/fonts/type1/urw/courier/ucrr8a.pfb><C:/Users/Shadman/AppDat
a/Local/Programs/MiKTeX/fonts/type1/urw/times/utmb8a.pfb><C:/Users/Shadman/AppD
ata/Local/Programs/MiKTeX/fonts/type1/urw/times/utmr8a.pfb><C:/Users/Shadman/Ap
pData/Local/Programs/MiKTeX/fonts/type1/urw/times/utmri8a.pfb>
Output written on final_report.pdf (6 pages, 368539 bytes).
PDF statistics:
 109 PDF objects out of 1000 (max. 8388607)
 0 named destinations out of 1000 (max. 500000)
 16 words of extra memory for PDF output out of 10000 (max. 10000000)

